// Jest Snapshot v1, https://goo.gl/fbAQLP

exports[`pages/home should render component 1`] = `
<React.Fragment>
  <h1>
    Hello world
  </h1>
  <LinkRoutes
    route="test"
  >
    <a>
      Go to some page
    </a>
  </LinkRoutes>
</React.Fragment>
`;
